13th Class (Dt: 05 June 2019)
---------------------------
Continuation of topic Git Repository


mkdir demo_repo2
git clone https://github.com/shinyay/maven-javaee8-webapp.git


mkdir demo_repo4

vi file1
adding the first line 

git add file1

git init

git add file1

git status

git commit -m "add few lines in file1" file1

git status

git push

git remote add origin https://github.com/satyakaibm/NewTestRepo.git

git push -u origin master

git log --oneline

vi file1
adding the first line 
adding the second line 

git add .

git commit -m "added 2nd line now" file1

git log --oneline

git reset 48ff4f0

git log --oneline


git diff 88f813f 2c087ed

git reset 88f813f

git tag v1.6

git log --oneline


git tag v1.5 2c087ed

git tag v1.4 dca2ae8

git tag v1.3 64faca7

git tag v1.2 48ff4f0

git tag v1.1 f78a9fe

git tag v1.248ff4f0

git tag delete v1.248ff4f0

ls -lart
total 13
drwxr-xr-x 1 User 197610   0 Jun 11 00:28 ./
drwxr-xr-x 1 User 197610   0 Jun 10 12:41 ../
-rw-r--r-- 1 User 197610 102 Jun 11 00:28 file1
drwxr-xr-x 1 User 197610   0 Jun 11 00:29 .git/


rm -rf .git






$ mkdir demo_repo2

$ cd demo_repo2/

$ git init
Initialized empty Git repository in C:/Users/User/Documents/GitProject/demo_repo2/.git/

$ vi testFile.txt
Hello, First Line added by developer1

$ git add testFile.txt
warning: LF will be replaced by CRLF in testFile.txt.
The file will have its original line endings in your working directory


$ git commit -m "This is test file for practice" testFile.txt
warning: LF will be replaced by CRLF in testFile.txt.
The file will have its original line endings in your working directory
[master (root-commit) 6037419] This is test file for practice
 1 file changed, 1 insertion(+)
 create mode 100644 testFile.txt


$ git log --oneline
6037419 (HEAD -> master) This is test file for practice


$ git push -u origin master 
fatal: 'origin' does not appear to be a git repository
fatal: Could not read from remote repository.

Please make sure you have the correct access rights
and the repository exists.


$ git remote add origin https://github.com/satyakaibm/demo_repo1.git

$ git remote remove origin

$ git remote add origin https://github.com/satyakaibm/demo_repo2.git

$ git push -u origin master
Enumerating objects: 3, done.
Counting objects: 100% (3/3), done.
Writing objects: 100% (3/3), 276 bytes | 92.00 KiB/s, done.
Total 3 (delta 0), reused 0 (delta 0)
To https://github.com/satyakaibm/demo_repo2.git
 * [new branch]      master -> master
Branch 'master' set up to track remote branch 'master' from 'origin'.


$ git branch
* master


$ git branch devBranch1.0

$ git branch -a
  devBranch1.0
* master

$ git checkout devBranch1.0
Switched to branch 'devBranch1.0'

$ git branch
* devBranch1.0
  master

$ vi testFile.txt
Hello, First Line added by developer1
Second line added by Tester1

$ git add testFile.txt

$ git commit -m "Tester added a line" testFile.txt

$ git tag v1.1

$ git log --oneline
d0b1662 (HEAD -> devBranch1.0, tag: v1.1) Tester added a line
6037419 (origin/master, master) This is test file for practice

$ git push -u origin devBranch1.0
Enumerating objects: 5, done.
Counting objects: 100% (5/5), done.
Delta compression using up to 4 threads
Compressing objects: 100% (2/2), done.
Writing objects: 100% (3/3), 311 bytes | 155.00 KiB/s, done.
Total 3 (delta 0), reused 0 (delta 0)
remote:
remote: Create a pull request for 'devBranch1.0' on GitHub by visiting:
remote:      https://github.com/satyakaibm/demo_repo2/pull/new/devBranch1.0
remote:
To https://github.com/satyakaibm/demo_repo2.git
 * [new branch]      devBranch1.0 -> devBranch1.0
Branch 'devBranch1.0' set up to track remote branch 'devBranch1.0' from 'origin'.



$ git log --oneline
d0b1662 (HEAD -> devBranch1.0, tag: v1.1, origin/devBranch1.0) Tester added a line
6037419 (origin/master, master) This is test file for practice


$ cat testFile.txt
Hello, First Line added by developer1
Second line added by Tester1


$ git checkout master

$ cat testFile.txt
Hello, First Line added by developer1


$ git merge devBranch1.0
Updating 6037419..d0b1662
Fast-forward
 testFile.txt | 1 +
 1 file changed, 1 insertion(+)


$ cat testFile.txt
Hello, First Line added by developer1
Second line added by Tester1


$ git log --oneline
d0b1662 (HEAD -> master, tag: v1.1, origin/devBranch1.0, devBranch1.0) Tester added a line
6037419 (origin/master) This is test file for practice


$ git branch
  devBranch1.0
* master


$ git status
On branch master
Your branch is ahead of 'origin/master' by 1 commit.
  (use "git push" to publish your local commits)
nothing to commit, working tree clean


$ git push -u origin master
Total 0 (delta 0), reused 0 (delta 0)
To https://github.com/satyakaibm/demo_repo2.git
   6037419..d0b1662  master -> master
Branch 'master' set up to track remote branch 'master' from 'origin'.


$ git status
On branch master
Your branch is up to date with 'origin/master'.
nothing to commit, working tree clean


$ git log --oneline
d0b1662 (HEAD -> master, tag: v1.1, origin/master, origin/devBranch1.0, devBranch1.0) Tester added a line
6037419 This is test file for practice


$ vi testFile.txt
Hello, First Line added by developer1
Second line added by Tester1
Third line added by developer2


$ git add testFile.txt


$ git commit -m "developer2 added third line" testFile.txt
[devBranch1.0 1585c51] developer2 added third line
 1 file changed, 1 insertion(+)


$ git checkout master
Switched to branch 'master'
Your branch is up to date with 'origin/master'.


$ git merge devBranch1.0
Updating d0b1662..1585c51
Fast-forward
 testFile.txt | 1 +
 1 file changed, 1 insertion(+)


$ cat testFile.txt
Hello, First Line added by developer1
Second line added by Tester1
Third line added by developer2


$ git push -u origin master
Enumerating objects: 5, done.
Counting objects: 100% (5/5), done.
Delta compression using up to 4 threads
Compressing objects: 100% (2/2), done.
Writing objects: 100% (3/3), 329 bytes | 164.00 KiB/s, done.
Total 3 (delta 0), reused 0 (delta 0)
To https://github.com/satyakaibm/demo_repo2.git
   d0b1662..1585c51  master -> master
Branch 'master' set up to track remote branch 'master' from 'origin'.


$ git log --oneline
1585c51 (HEAD -> master, origin/master, devBranch1.0) developer2 added third line
d0b1662 (tag: v1.1, origin/devBranch1.0) Tester added a line
6037419 This is test file for practice


#### Now added another line in the file directly at github site. (https://github.com/satyakaibm/demo_repo2/blob/master/testFile.txt)
Edit the file and add the below line.
Fourth line added by UI developer.
Commit there itself. 
Commit Message: "Fourth line added by UI developer"

Now check it on linux console, you can't see it unless pull the latest code from repository.



$ git pull https://github.com/satyakaibm/demo_repo2.git
remote: Enumerating objects: 5, done.
remote: Counting objects: 100% (5/5), done.
remote: Compressing objects: 100% (2/2), done.
remote: Total 3 (delta 1), reused 0 (delta 0), pack-reused 0
Unpacking objects: 100% (3/3), done.
From https://github.com/satyakaibm/demo_repo2
 * branch            HEAD       -> FETCH_HEAD
Updating 1585c51..7bfc1d0
Fast-forward
 testFile.txt | 1 +
 1 file changed, 1 insertion(+)



$ cat testFile.txt
Hello, First Line added by developer1
Second line added by Tester1
Third line added by developer2
Fourth line added by UI developer.


$ git checkout devBranch1.0

$ git pull https://github.com/satyakaibm/demo_repo2.git
From https://github.com/satyakaibm/demo_repo2
 * branch            HEAD       -> FETCH_HEAD
Updating 1585c51..7bfc1d0
Fast-forward
 testFile.txt | 1 +
 1 file changed, 1 insertion(+)


$ git status
On branch devBranch1.0
Your branch is ahead of 'origin/devBranch1.0' by 2 commits.
  (use "git push" to publish your local commits)

nothing to commit, working tree clean



$ git push
Total 0 (delta 0), reused 0 (delta 0)
To https://github.com/satyakaibm/demo_repo2.git
   d0b1662..7bfc1d0  devBranch1.0 -> devBranch1.0


$ cat testFile.txt
Hello, First Line added by developer1
Second line added by Tester1
Third line added by developer2
Fourth line added by UI developer.

$ git status
On branch devBranch1.0
Your branch is up to date with 'origin/devBranch1.0'.
nothing to commit, working tree clean


#### Now we will see how to revert to prev version

$ git checkout master
Switched to branch 'master'
Your branch is up to date with 'origin/master'.


$ cat testFile.txt
Hello, First Line added by developer1
Second line added by Tester1
Third line added by developer2
Fourth line added by UI developer.


$ git log --oneline
7bfc1d0 (HEAD -> master, origin/master, origin/devBranch1.0, devBranch1.0) Fourth line added by UI developer
1585c51 developer2 added third line
d0b1662 (tag: v1.1) Tester added a line
6037419 This is test file for practice


$ git reset --hard 1585c51
HEAD is now at 1585c51 developer2 added third line

$ cat testFile.txt
Hello, First Line added by developer1
Second line added by Tester1
Third line added by developer2


$ git push -u origin master
To https://github.com/satyakaibm/demo_repo2.git
 ! [rejected]        master -> master (non-fast-forward)
error: failed to push some refs to 'https://github.com/satyakaibm/demo_repo2.git'
hint: Updates were rejected because the tip of your current branch is behind
hint: its remote counterpart. Integrate the remote changes (e.g.
hint: 'git pull ...') before pushing again.
hint: See the 'Note about fast-forwards' in 'git push --help' for details.


https://code.likeagirl.io/how-to-undo-the-last-commit-393e7db2840b


https://www.git-tower.com/learn/git/faq/restore-repo-to-previous-revision


https://opensource.com/article/18/6/git-reset-revert-rebase-commands